Error - Missing dot file name after -g option and apache log file name