/temps/FondInsa.jpg (3713 hits)
/stages/bandeauFinal.jpg (1722 hits)
/stages/FondInsa.jpg (1709 hits)
/temps/INSA.jpg (332 hits)
/temps/5013S.jpg (150 hits)
/temps/5012N.jpg (92 hits)
/temps/5012S.jpg (86 hits)
/chercheurs/gcaplat/index_fichiers/image003.jpg (29 hits)
/chercheurs/gcaplat/index_fichiers/image002.jpg (24 hits)
/micromachine/logo.jpg (21 hits)