Error - Missing type extension file after -p option