Dot-file anonyme.dot generated
Warning : only hits between 03h to 4h have been taken into account
/temps/FondInsa.jpg (8 hits)
/stages/FondInsa.jpg (6 hits)
/stages/bandeauFinal.jpg (6 hits)
/micromachine/logo.jpg (2 hits)
/temps/5013S.jpg (1 hit)
/temps/INSA.jpg (1 hit)