Warning : only hits between 12h to 13h have been taken into account
/page3.html (4 hits)
/image1.jpg (2 hits)
/page2.html (2 hits)
/page4.html (2 hits)

