Error - Missing type extension file after -p option and apache log file name