/page3.html (6 hits)
/page2.html (5 hits)
/page1.html (2 hits)
/page4.html (2 hits)