/page3.html (6 hits)
/page2.html (5 hits)
/image1.jpg (3 hits)
/edt.css (2 hits)
/page1.html (2 hits)
/page4.html (2 hits)