Error - Hour must be number integer between 0 and 23