Warning : only hits between 13h to 14h have been taken into account
/temps/FondInsa.jpg (398 hits)
/stages/bandeauFinal.jpg (172 hits)
/stages/FondInsa.jpg (170 hits)
/temps/5013S.jpg (40 hits)
/temps/INSA.jpg (33 hits)
/temps/5012S.jpg (26 hits)
/temps/5012N.jpg (23 hits)
/chercheurs/gcaplat/index_fichiers/image003.jpg (4 hits)
/chercheurs/gcaplat/index_fichiers/image002.jpg (3 hits)
/chercheurs/LCI/image001.jpg (1 hit)
/chercheurs/gcaplat/Pya%20Tagluc_fichiers/image002.jpg (1 hit)
/chercheurs/gcaplat/index_fichiers/image001.jpg (1 hit)
/notesif/saisie2007/Images/neutraliser.jpg (1 hit)